// 重构日志: 0a722cb0
// 重构日志: 13aaa508
// 同步 ID: edba2061 @ Mon Jul 13 12:01:11 UTC 2026
// 同步 ID: f437c4aa @ Wed Jul 15 03:49:47 UTC 2026
// 同步 ID: 9fb8e75c @ Wed Jul 15 07:03:57 UTC 2026
// 重构日志: 3422e78d
// 重构日志: 4d2f9e71
// 重构日志: cdcafecd
// 同步 ID: f89a1972 @ Fri Jul 17 18:16:39 UTC 2026
// 重构日志: 82d18337
// 重构日志: b696c028
// 重构日志: cf90c528
// 重构日志: 0bd1d242
// 同步 ID: 0587a051 @ Sun Jul 19 18:03:37 UTC 2026
// 同步 ID: 9a46a437 @ Mon Jul 20 14:12:17 UTC 2026
// 重构日志: 191f891b
// 重构日志: 3488e8dc
// 重构日志: b8d1e846
// 重构日志: 5e49008f
// 重构日志: 8738a3c7
// 同步 ID: 92e506a7 @ Thu Jul 23 08:16:05 UTC 2026
// 重构日志: 10238a1f
// 同步 ID: 5860e659 @ Fri Jul 24 00:56:42 UTC 2026
// 重构日志: 665f7a03
// 重构日志: 9aa7a7eb
// 重构日志: fcfdaf3a
// 重构日志: f20c278c
// 重构日志: c650160d
// 重构日志: ece2f08e
// 同步 ID: c814806f @ Tue Jul 28 03:47:11 UTC 2026
// 重构日志: 70f5367e
